error: specifying ABI is not allowed in ink! functions
  --> $DIR/13-abi-constructor.rs:10:9
   |
10 |         extern "C" fn invalid_return(&mut self) {}
   |         ^^^^^^^^^^
